// Jest Snapshot v1, https://goo.gl/fbAQLP

exports[`/health (GET) returns ko health status 1`] = `
Object {
  "details": Object {
    "down": Object {
      "status": "down",
    },
  },
  "error": Object {
    "down": Object {
      "status": "down",
    },
  },
  "info": Object {},
  "status": "error",
}
`;

exports[`/health (GET) returns ok health status 1`] = `
Object {
  "details": Object {
    "up": Object {
      "status": "up",
    },
  },
  "error": Object {},
  "info": Object {
    "up": Object {
      "status": "up",
    },
  },
  "status": "ok",
}
`;
